{
  "version": "1.5.0",
  "plugins_used": [
    {
      "name": "ArtifactoryDetector"
    },
    {
      "name": "AWSKeyDetector"
    },
    {
      "name": "AzureStorageKeyDetector"
    },
    {
      "name": "Base64HighEntropyString",
      "limit": 4.5
    },
    {
      "name": "BasicAuthDetector"
    },
    {
      "name": "CloudantDetector"
    },
    {
      "name": "DiscordBotTokenDetector"
    },
    {
      "name": "GitHubTokenDetector"
    },
    {
      "name": "GitLabTokenDetector"
    },
    {
      "name": "HexHighEntropyString",
      "limit": 3.0
    },
    {
      "name": "IbmCloudIamDetector"
    },
    {
      "name": "IbmCosHmacDetector"
    },
    {
      "name": "IPPublicDetector"
    },
    {
      "name": "JwtTokenDetector"
    },
    {
      "name": "KeywordDetector",
      "keyword_exclude": ""
    },
    {
      "name": "MailchimpDetector"
    },
    {
      "name": "NpmDetector"
    },
    {
      "name": "OpenAIDetector"
    },
    {
      "name": "PrivateKeyDetector"
    },
    {
      "name": "PypiTokenDetector"
    },
    {
      "name": "SendGridDetector"
    },
    {
      "name": "SlackDetector"
    },
    {
      "name": "SoftlayerDetector"
    },
    {
      "name": "SquareOAuthDetector"
    },
    {
      "name": "StripeDetector"
    },
    {
      "name": "TelegramBotTokenDetector"
    },
    {
      "name": "TwilioKeyDetector"
    }
  ],
  "filters_used": [
    {
      "path": "detect_secrets.filters.allowlist.is_line_allowlisted"
    },
    {
      "path": "detect_secrets.filters.common.is_ignored_due_to_verification_policies",
      "min_level": 2
    },
    {
      "path": "detect_secrets.filters.heuristic.is_indirect_reference"
    },
    {
      "path": "detect_secrets.filters.heuristic.is_likely_id_string"
    },
    {
      "path": "detect_secrets.filters.heuristic.is_lock_file"
    },
    {
      "path": "detect_secrets.filters.heuristic.is_not_alphanumeric_string"
    },
    {
      "path": "detect_secrets.filters.heuristic.is_potential_uuid"
    },
    {
      "path": "detect_secrets.filters.heuristic.is_prefixed_with_dollar_sign"
    },
    {
      "path": "detect_secrets.filters.heuristic.is_sequential_string"
    },
    {
      "path": "detect_secrets.filters.heuristic.is_swagger_file"
    },
    {
      "path": "detect_secrets.filters.heuristic.is_templated_secret"
    }
  ],
  "results": {
    "dashboards/powerbi/RetailPulse.Report/definition/pages/9d3c90b721a44a1b8bea/page.json": [
      {
        "type": "Hex High Entropy String",
        "filename": "dashboards/powerbi/RetailPulse.Report/definition/pages/9d3c90b721a44a1b8bea/page.json",
        "hashed_secret": "701cb1c81b37ccb4015d6f2407cc068be6c6fdd2",
        "is_verified": false,
        "line_number": 3,
        "is_secret": false,
        "reason": "Public Power BI object identifier"
      }
    ],
    "dashboards/powerbi/RetailPulse.Report/definition/pages/9d3c90b721a44a1b8bea/visuals/054754bcb65b04ad1e9d/visual.json": [
      {
        "type": "Hex High Entropy String",
        "filename": "dashboards/powerbi/RetailPulse.Report/definition/pages/9d3c90b721a44a1b8bea/visuals/054754bcb65b04ad1e9d/visual.json",
        "hashed_secret": "5bce727e05969ddf013c05d51e969fe5028574ca",
        "is_verified": false,
        "line_number": 3,
        "is_secret": false,
        "reason": "Public Power BI object identifier"
      }
    ],
    "dashboards/powerbi/RetailPulse.Report/definition/pages/9d3c90b721a44a1b8bea/visuals/0e2a67e257de16070219/visual.json": [
      {
        "type": "Hex High Entropy String",
        "filename": "dashboards/powerbi/RetailPulse.Report/definition/pages/9d3c90b721a44a1b8bea/visuals/0e2a67e257de16070219/visual.json",
        "hashed_secret": "5266659f3ce93b70c3a19e70d7d5bf7f64d3f6c6",
        "is_verified": false,
        "line_number": 3,
        "is_secret": false,
        "reason": "Public Power BI object identifier"
      }
    ],
    "dashboards/powerbi/RetailPulse.Report/definition/pages/9d3c90b721a44a1b8bea/visuals/0e616368ba80a62129fe/visual.json": [
      {
        "type": "Hex High Entropy String",
        "filename": "dashboards/powerbi/RetailPulse.Report/definition/pages/9d3c90b721a44a1b8bea/visuals/0e616368ba80a62129fe/visual.json",
        "hashed_secret": "e3bd20117abbf63852e69e2852857cdee2683b65",
        "is_verified": false,
        "line_number": 3,
        "is_secret": false,
        "reason": "Public Power BI object identifier"
      }
    ],
    "dashboards/powerbi/RetailPulse.Report/definition/pages/9d3c90b721a44a1b8bea/visuals/12c8c744386c77818a61/visual.json": [
      {
        "type": "Hex High Entropy String",
        "filename": "dashboards/powerbi/RetailPulse.Report/definition/pages/9d3c90b721a44a1b8bea/visuals/12c8c744386c77818a61/visual.json",
        "hashed_secret": "8fbec7fcca3f08c87ab126cb873733bf5ec0a94b",
        "is_verified": false,
        "line_number": 3,
        "is_secret": false,
        "reason": "Public Power BI object identifier"
      }
    ],
    "dashboards/powerbi/RetailPulse.Report/definition/pages/9d3c90b721a44a1b8bea/visuals/2e76fb380ec01e631102/visual.json": [
      {
        "type": "Hex High Entropy String",
        "filename": "dashboards/powerbi/RetailPulse.Report/definition/pages/9d3c90b721a44a1b8bea/visuals/2e76fb380ec01e631102/visual.json",
        "hashed_secret": "50ff4296d1d28ee516ed99c106a10e61033d22aa",
        "is_verified": false,
        "line_number": 3,
        "is_secret": false,
        "reason": "Public Power BI object identifier"
      }
    ],
    "dashboards/powerbi/RetailPulse.Report/definition/pages/9d3c90b721a44a1b8bea/visuals/50e17a1fed70210b0f94/visual.json": [
      {
        "type": "Hex High Entropy String",
        "filename": "dashboards/powerbi/RetailPulse.Report/definition/pages/9d3c90b721a44a1b8bea/visuals/50e17a1fed70210b0f94/visual.json",
        "hashed_secret": "662399f0f38fa99f49065f9f06e583535c7d5b80",
        "is_verified": false,
        "line_number": 3,
        "is_secret": false,
        "reason": "Public Power BI object identifier"
      }
    ],
    "dashboards/powerbi/RetailPulse.Report/definition/pages/9d3c90b721a44a1b8bea/visuals/5bb68ba1022f69dcd4e0/visual.json": [
      {
        "type": "Hex High Entropy String",
        "filename": "dashboards/powerbi/RetailPulse.Report/definition/pages/9d3c90b721a44a1b8bea/visuals/5bb68ba1022f69dcd4e0/visual.json",
        "hashed_secret": "ea903af7f01168fa8d8dc239d3c78baf9e181f33",
        "is_verified": false,
        "line_number": 3,
        "is_secret": false,
        "reason": "Public Power BI object identifier"
      }
    ],
    "dashboards/powerbi/RetailPulse.Report/definition/pages/9d3c90b721a44a1b8bea/visuals/5f8e73b9aba1c3e4d14b/visual.json": [
      {
        "type": "Hex High Entropy String",
        "filename": "dashboards/powerbi/RetailPulse.Report/definition/pages/9d3c90b721a44a1b8bea/visuals/5f8e73b9aba1c3e4d14b/visual.json",
        "hashed_secret": "6ce275ba000d484dd899d68b2606bc7f651589b6",
        "is_verified": false,
        "line_number": 3,
        "is_secret": false,
        "reason": "Public Power BI object identifier"
      }
    ],
    "dashboards/powerbi/RetailPulse.Report/definition/pages/9d3c90b721a44a1b8bea/visuals/7cd41c8c8771c1d3925f/visual.json": [
      {
        "type": "Hex High Entropy String",
        "filename": "dashboards/powerbi/RetailPulse.Report/definition/pages/9d3c90b721a44a1b8bea/visuals/7cd41c8c8771c1d3925f/visual.json",
        "hashed_secret": "e448312c9eac4b2eda81cbad3fcd083350c6a3e3",
        "is_verified": false,
        "line_number": 3,
        "is_secret": false,
        "reason": "Public Power BI object identifier"
      }
    ],
    "dashboards/powerbi/RetailPulse.Report/definition/pages/9d3c90b721a44a1b8bea/visuals/8121d3c05ffa67d6786a/visual.json": [
      {
        "type": "Hex High Entropy String",
        "filename": "dashboards/powerbi/RetailPulse.Report/definition/pages/9d3c90b721a44a1b8bea/visuals/8121d3c05ffa67d6786a/visual.json",
        "hashed_secret": "b26ca80bce3f7e940ddbe64e3039f06d1ea9ccb4",
        "is_verified": false,
        "line_number": 3,
        "is_secret": false,
        "reason": "Public Power BI object identifier"
      }
    ],
    "dashboards/powerbi/RetailPulse.Report/definition/pages/9d3c90b721a44a1b8bea/visuals/8bb9cc4e0bc677ca1eca/visual.json": [
      {
        "type": "Hex High Entropy String",
        "filename": "dashboards/powerbi/RetailPulse.Report/definition/pages/9d3c90b721a44a1b8bea/visuals/8bb9cc4e0bc677ca1eca/visual.json",
        "hashed_secret": "c93f62cdaaf57446659c08bd728972154868e9d0",
        "is_verified": false,
        "line_number": 3,
        "is_secret": false,
        "reason": "Public Power BI object identifier"
      }
    ],
    "dashboards/powerbi/RetailPulse.Report/definition/pages/9d3c90b721a44a1b8bea/visuals/8da55da8f3d774f52af4/visual.json": [
      {
        "type": "Hex High Entropy String",
        "filename": "dashboards/powerbi/RetailPulse.Report/definition/pages/9d3c90b721a44a1b8bea/visuals/8da55da8f3d774f52af4/visual.json",
        "hashed_secret": "4b948a0d5c047771a4898c40a664bc4c5caae9c2",
        "is_verified": false,
        "line_number": 3,
        "is_secret": false,
        "reason": "Public Power BI object identifier"
      }
    ],
    "dashboards/powerbi/RetailPulse.Report/definition/pages/9d3c90b721a44a1b8bea/visuals/a1d13a988c04a20943ab/visual.json": [
      {
        "type": "Hex High Entropy String",
        "filename": "dashboards/powerbi/RetailPulse.Report/definition/pages/9d3c90b721a44a1b8bea/visuals/a1d13a988c04a20943ab/visual.json",
        "hashed_secret": "34a5cea561e51bb20e6d86c79ef542a33ce46c12",
        "is_verified": false,
        "line_number": 3,
        "is_secret": false,
        "reason": "Public Power BI object identifier"
      }
    ],
    "dashboards/powerbi/RetailPulse.Report/definition/pages/9d3c90b721a44a1b8bea/visuals/cc22579b9f4f19a2484e/visual.json": [
      {
        "type": "Hex High Entropy String",
        "filename": "dashboards/powerbi/RetailPulse.Report/definition/pages/9d3c90b721a44a1b8bea/visuals/cc22579b9f4f19a2484e/visual.json",
        "hashed_secret": "2714d303f02ebcfd2132de77900eb4dfe9a99844",
        "is_verified": false,
        "line_number": 3,
        "is_secret": false,
        "reason": "Public Power BI object identifier"
      }
    ],
    "dashboards/powerbi/RetailPulse.Report/definition/pages/9d3c90b721a44a1b8bea/visuals/dce6233c9fc053ee5930/visual.json": [
      {
        "type": "Hex High Entropy String",
        "filename": "dashboards/powerbi/RetailPulse.Report/definition/pages/9d3c90b721a44a1b8bea/visuals/dce6233c9fc053ee5930/visual.json",
        "hashed_secret": "d223f9805c1f3b69b1622ec36f5e4eea042320cc",
        "is_verified": false,
        "line_number": 3,
        "is_secret": false,
        "reason": "Public Power BI object identifier"
      }
    ],
    "dashboards/powerbi/RetailPulse.Report/definition/pages/9d3c90b721a44a1b8bea/visuals/fc9ecd440c9f73cbb1b7/visual.json": [
      {
        "type": "Hex High Entropy String",
        "filename": "dashboards/powerbi/RetailPulse.Report/definition/pages/9d3c90b721a44a1b8bea/visuals/fc9ecd440c9f73cbb1b7/visual.json",
        "hashed_secret": "5832940cb9684ee3fe0d70a9ffb756667304659b",
        "is_verified": false,
        "line_number": 3,
        "is_secret": false,
        "reason": "Public Power BI object identifier"
      }
    ],
    "dashboards/powerbi/RetailPulse.Report/definition/pages/af672ae1cead4807ba02/page.json": [
      {
        "type": "Hex High Entropy String",
        "filename": "dashboards/powerbi/RetailPulse.Report/definition/pages/af672ae1cead4807ba02/page.json",
        "hashed_secret": "ce5ee14b992a1b2356496baf07ff048ce3c0d652",
        "is_verified": false,
        "line_number": 3,
        "is_secret": false,
        "reason": "Public Power BI object identifier"
      }
    ],
    "dashboards/powerbi/RetailPulse.Report/definition/pages/af672ae1cead4807ba02/visuals/07b9cb6c739e2b1e7d9c/visual.json": [
      {
        "type": "Hex High Entropy String",
        "filename": "dashboards/powerbi/RetailPulse.Report/definition/pages/af672ae1cead4807ba02/visuals/07b9cb6c739e2b1e7d9c/visual.json",
        "hashed_secret": "a0c27dc5d9bd74afd5bcb80c00edbd590aa63b2f",
        "is_verified": false,
        "line_number": 3,
        "is_secret": false,
        "reason": "Public Power BI object identifier"
      }
    ],
    "dashboards/powerbi/RetailPulse.Report/definition/pages/af672ae1cead4807ba02/visuals/095e8667e66898b8efd6/visual.json": [
      {
        "type": "Hex High Entropy String",
        "filename": "dashboards/powerbi/RetailPulse.Report/definition/pages/af672ae1cead4807ba02/visuals/095e8667e66898b8efd6/visual.json",
        "hashed_secret": "b63ac83d5fdb861570989478fad0823d552e5504",
        "is_verified": false,
        "line_number": 3,
        "is_secret": false,
        "reason": "Public Power BI object identifier"
      }
    ],
    "dashboards/powerbi/RetailPulse.Report/definition/pages/af672ae1cead4807ba02/visuals/2e35a71410ea804734c0/visual.json": [
      {
        "type": "Hex High Entropy String",
        "filename": "dashboards/powerbi/RetailPulse.Report/definition/pages/af672ae1cead4807ba02/visuals/2e35a71410ea804734c0/visual.json",
        "hashed_secret": "372c86f7bc4f20049f76a81a2e4d9ca72fb381fc",
        "is_verified": false,
        "line_number": 3,
        "is_secret": false,
        "reason": "Public Power BI object identifier"
      }
    ],
    "dashboards/powerbi/RetailPulse.Report/definition/pages/af672ae1cead4807ba02/visuals/373924f2d75033a24715/visual.json": [
      {
        "type": "Hex High Entropy String",
        "filename": "dashboards/powerbi/RetailPulse.Report/definition/pages/af672ae1cead4807ba02/visuals/373924f2d75033a24715/visual.json",
        "hashed_secret": "05b8d3f4ce51f693a42d050a1be00bd5db4083a0",
        "is_verified": false,
        "line_number": 3,
        "is_secret": false,
        "reason": "Public Power BI object identifier"
      }
    ],
    "dashboards/powerbi/RetailPulse.Report/definition/pages/af672ae1cead4807ba02/visuals/385ca3a5defaf18215bc/visual.json": [
      {
        "type": "Hex High Entropy String",
        "filename": "dashboards/powerbi/RetailPulse.Report/definition/pages/af672ae1cead4807ba02/visuals/385ca3a5defaf18215bc/visual.json",
        "hashed_secret": "2188254a4bcce26fe5126fffde1f0469e2d1813c",
        "is_verified": false,
        "line_number": 3,
        "is_secret": false,
        "reason": "Public Power BI object identifier"
      }
    ],
    "dashboards/powerbi/RetailPulse.Report/definition/pages/af672ae1cead4807ba02/visuals/4049395268b65b4ca6ab/visual.json": [
      {
        "type": "Hex High Entropy String",
        "filename": "dashboards/powerbi/RetailPulse.Report/definition/pages/af672ae1cead4807ba02/visuals/4049395268b65b4ca6ab/visual.json",
        "hashed_secret": "1f43e1be408d9b8e4bd9199f6ccb1cf9180a93b9",
        "is_verified": false,
        "line_number": 3,
        "is_secret": false,
        "reason": "Public Power BI object identifier"
      }
    ],
    "dashboards/powerbi/RetailPulse.Report/definition/pages/af672ae1cead4807ba02/visuals/45c0dc643d3558ef2cd2/visual.json": [
      {
        "type": "Hex High Entropy String",
        "filename": "dashboards/powerbi/RetailPulse.Report/definition/pages/af672ae1cead4807ba02/visuals/45c0dc643d3558ef2cd2/visual.json",
        "hashed_secret": "1306e251654ecb407e5b3392cc33c00b847f05ff",
        "is_verified": false,
        "line_number": 3,
        "is_secret": false,
        "reason": "Public Power BI object identifier"
      }
    ],
    "dashboards/powerbi/RetailPulse.Report/definition/pages/af672ae1cead4807ba02/visuals/540924600dbb1a85d80f/visual.json": [
      {
        "type": "Hex High Entropy String",
        "filename": "dashboards/powerbi/RetailPulse.Report/definition/pages/af672ae1cead4807ba02/visuals/540924600dbb1a85d80f/visual.json",
        "hashed_secret": "5ad6759bd5e5522bf0421fbc8c4d88b7259434b2",
        "is_verified": false,
        "line_number": 3,
        "is_secret": false,
        "reason": "Public Power BI object identifier"
      }
    ],
    "dashboards/powerbi/RetailPulse.Report/definition/pages/af672ae1cead4807ba02/visuals/807a5736b2991d6ae1a9/visual.json": [
      {
        "type": "Hex High Entropy String",
        "filename": "dashboards/powerbi/RetailPulse.Report/definition/pages/af672ae1cead4807ba02/visuals/807a5736b2991d6ae1a9/visual.json",
        "hashed_secret": "11481b650102daaf297943c9768ef83a9982fe8b",
        "is_verified": false,
        "line_number": 3,
        "is_secret": false,
        "reason": "Public Power BI object identifier"
      }
    ],
    "dashboards/powerbi/RetailPulse.Report/definition/pages/af672ae1cead4807ba02/visuals/85616d320ff76e1a6b75/visual.json": [
      {
        "type": "Hex High Entropy String",
        "filename": "dashboards/powerbi/RetailPulse.Report/definition/pages/af672ae1cead4807ba02/visuals/85616d320ff76e1a6b75/visual.json",
        "hashed_secret": "20e82cbe5bd06c348b9eff140515122229663edf",
        "is_verified": false,
        "line_number": 3,
        "is_secret": false,
        "reason": "Public Power BI object identifier"
      }
    ],
    "dashboards/powerbi/RetailPulse.Report/definition/pages/af672ae1cead4807ba02/visuals/88ad59dea0365e63eb38/visual.json": [
      {
        "type": "Hex High Entropy String",
        "filename": "dashboards/powerbi/RetailPulse.Report/definition/pages/af672ae1cead4807ba02/visuals/88ad59dea0365e63eb38/visual.json",
        "hashed_secret": "2c84567ae4b1b19eb21298b127936b78724c5ba6",
        "is_verified": false,
        "line_number": 3,
        "is_secret": false,
        "reason": "Public Power BI object identifier"
      }
    ],
    "dashboards/powerbi/RetailPulse.Report/definition/pages/af672ae1cead4807ba02/visuals/ee65284afe125912db61/visual.json": [
      {
        "type": "Hex High Entropy String",
        "filename": "dashboards/powerbi/RetailPulse.Report/definition/pages/af672ae1cead4807ba02/visuals/ee65284afe125912db61/visual.json",
        "hashed_secret": "753dcf97a3203f3aba3efa700e4fdaae3f443d7c",
        "is_verified": false,
        "line_number": 3,
        "is_secret": false,
        "reason": "Public Power BI object identifier"
      }
    ],
    "dashboards/powerbi/RetailPulse.Report/definition/pages/af672ae1cead4807ba02/visuals/f0518083aafdc04e66d6/visual.json": [
      {
        "type": "Hex High Entropy String",
        "filename": "dashboards/powerbi/RetailPulse.Report/definition/pages/af672ae1cead4807ba02/visuals/f0518083aafdc04e66d6/visual.json",
        "hashed_secret": "afd13a078ee4b944e966a2b42f6d5899594a68d0",
        "is_verified": false,
        "line_number": 3,
        "is_secret": false,
        "reason": "Public Power BI object identifier"
      }
    ],
    "dashboards/powerbi/RetailPulse.Report/definition/pages/af672ae1cead4807ba02/visuals/fac772fdcdd821efd80b/visual.json": [
      {
        "type": "Hex High Entropy String",
        "filename": "dashboards/powerbi/RetailPulse.Report/definition/pages/af672ae1cead4807ba02/visuals/fac772fdcdd821efd80b/visual.json",
        "hashed_secret": "862ef17509e947816bd284328b4c33d11dee290c",
        "is_verified": false,
        "line_number": 3,
        "is_secret": false,
        "reason": "Public Power BI object identifier"
      }
    ],
    "dashboards/powerbi/RetailPulse.Report/definition/pages/be768aedcad84789ca03/page.json": [
      {
        "type": "Hex High Entropy String",
        "filename": "dashboards/powerbi/RetailPulse.Report/definition/pages/be768aedcad84789ca03/page.json",
        "hashed_secret": "02f17d25ef8804682f756733d8341a0c2a8bc2ca",
        "is_verified": false,
        "line_number": 3,
        "is_secret": false,
        "reason": "Public Power BI object identifier"
      }
    ],
    "dashboards/powerbi/RetailPulse.Report/definition/pages/be768aedcad84789ca03/visuals/24440eb1e154b168dd7a/visual.json": [
      {
        "type": "Hex High Entropy String",
        "filename": "dashboards/powerbi/RetailPulse.Report/definition/pages/be768aedcad84789ca03/visuals/24440eb1e154b168dd7a/visual.json",
        "hashed_secret": "65652c273f63d7b00e96e2d0e1e631c8d754b9c4",
        "is_verified": false,
        "line_number": 3,
        "is_secret": false,
        "reason": "Public Power BI object identifier"
      }
    ],
    "dashboards/powerbi/RetailPulse.Report/definition/pages/be768aedcad84789ca03/visuals/2f90a686e586cebf923d/visual.json": [
      {
        "type": "Hex High Entropy String",
        "filename": "dashboards/powerbi/RetailPulse.Report/definition/pages/be768aedcad84789ca03/visuals/2f90a686e586cebf923d/visual.json",
        "hashed_secret": "aa3a89d9986782fadf7f1535c28f1eb2e5096c8e",
        "is_verified": false,
        "line_number": 3,
        "is_secret": false,
        "reason": "Public Power BI object identifier"
      }
    ],
    "dashboards/powerbi/RetailPulse.Report/definition/pages/be768aedcad84789ca03/visuals/3e65aac8093fb86d22d1/visual.json": [
      {
        "type": "Hex High Entropy String",
        "filename": "dashboards/powerbi/RetailPulse.Report/definition/pages/be768aedcad84789ca03/visuals/3e65aac8093fb86d22d1/visual.json",
        "hashed_secret": "b37fdc505f8a2e7811f3c4a001658fce61791c79",
        "is_verified": false,
        "line_number": 3,
        "is_secret": false,
        "reason": "Public Power BI object identifier"
      }
    ],
    "dashboards/powerbi/RetailPulse.Report/definition/pages/be768aedcad84789ca03/visuals/5b761038434c95977dff/visual.json": [
      {
        "type": "Hex High Entropy String",
        "filename": "dashboards/powerbi/RetailPulse.Report/definition/pages/be768aedcad84789ca03/visuals/5b761038434c95977dff/visual.json",
        "hashed_secret": "784a27035c5263a513bd27d544eaed7e01991256",
        "is_verified": false,
        "line_number": 3,
        "is_secret": false,
        "reason": "Public Power BI object identifier"
      }
    ],
    "dashboards/powerbi/RetailPulse.Report/definition/pages/be768aedcad84789ca03/visuals/6701fb3451790c27b445/visual.json": [
      {
        "type": "Hex High Entropy String",
        "filename": "dashboards/powerbi/RetailPulse.Report/definition/pages/be768aedcad84789ca03/visuals/6701fb3451790c27b445/visual.json",
        "hashed_secret": "534056ee72ca3a604ddfcf8dee0759ee8c5562c2",
        "is_verified": false,
        "line_number": 3,
        "is_secret": false,
        "reason": "Public Power BI object identifier"
      }
    ],
    "dashboards/powerbi/RetailPulse.Report/definition/pages/be768aedcad84789ca03/visuals/6844784603f209b008ba/visual.json": [
      {
        "type": "Hex High Entropy String",
        "filename": "dashboards/powerbi/RetailPulse.Report/definition/pages/be768aedcad84789ca03/visuals/6844784603f209b008ba/visual.json",
        "hashed_secret": "96d5f8c74b9a2fd8c0f9f2ee65a4fe1eae55b554",
        "is_verified": false,
        "line_number": 3,
        "is_secret": false,
        "reason": "Public Power BI object identifier"
      }
    ],
    "dashboards/powerbi/RetailPulse.Report/definition/pages/be768aedcad84789ca03/visuals/6d0cc237fecb53909cd4/visual.json": [
      {
        "type": "Hex High Entropy String",
        "filename": "dashboards/powerbi/RetailPulse.Report/definition/pages/be768aedcad84789ca03/visuals/6d0cc237fecb53909cd4/visual.json",
        "hashed_secret": "4df8028c44699fdb50e4a87e515f5fcf5d511b99",
        "is_verified": false,
        "line_number": 3,
        "is_secret": false,
        "reason": "Public Power BI object identifier"
      }
    ],
    "dashboards/powerbi/RetailPulse.Report/definition/pages/be768aedcad84789ca03/visuals/6e936c4ffe4806a63277/visual.json": [
      {
        "type": "Hex High Entropy String",
        "filename": "dashboards/powerbi/RetailPulse.Report/definition/pages/be768aedcad84789ca03/visuals/6e936c4ffe4806a63277/visual.json",
        "hashed_secret": "0fbf6b68350979c0c0d492bf9ef706256e6faa3c",
        "is_verified": false,
        "line_number": 3,
        "is_secret": false,
        "reason": "Public Power BI object identifier"
      }
    ],
    "dashboards/powerbi/RetailPulse.Report/definition/pages/be768aedcad84789ca03/visuals/70d48eac6366a928968f/visual.json": [
      {
        "type": "Hex High Entropy String",
        "filename": "dashboards/powerbi/RetailPulse.Report/definition/pages/be768aedcad84789ca03/visuals/70d48eac6366a928968f/visual.json",
        "hashed_secret": "d4bf6a9cac51fd7714f9d76b9f5c763dc36f3ca2",
        "is_verified": false,
        "line_number": 3,
        "is_secret": false,
        "reason": "Public Power BI object identifier"
      }
    ],
    "dashboards/powerbi/RetailPulse.Report/definition/pages/be768aedcad84789ca03/visuals/8926b6b399f30fd05884/visual.json": [
      {
        "type": "Hex High Entropy String",
        "filename": "dashboards/powerbi/RetailPulse.Report/definition/pages/be768aedcad84789ca03/visuals/8926b6b399f30fd05884/visual.json",
        "hashed_secret": "d6f79b19c318b162ce74a7491c6b9b3c9efc3769",
        "is_verified": false,
        "line_number": 3,
        "is_secret": false,
        "reason": "Public Power BI object identifier"
      }
    ],
    "dashboards/powerbi/RetailPulse.Report/definition/pages/be768aedcad84789ca03/visuals/97a78ebb0e97ba4539a2/visual.json": [
      {
        "type": "Hex High Entropy String",
        "filename": "dashboards/powerbi/RetailPulse.Report/definition/pages/be768aedcad84789ca03/visuals/97a78ebb0e97ba4539a2/visual.json",
        "hashed_secret": "ea0ea2b8b5a15fbd47c53161981bcc0fea3f00d6",
        "is_verified": false,
        "line_number": 3,
        "is_secret": false,
        "reason": "Public Power BI object identifier"
      }
    ],
    "dashboards/powerbi/RetailPulse.Report/definition/pages/be768aedcad84789ca03/visuals/c9239fd506a036acc872/visual.json": [
      {
        "type": "Hex High Entropy String",
        "filename": "dashboards/powerbi/RetailPulse.Report/definition/pages/be768aedcad84789ca03/visuals/c9239fd506a036acc872/visual.json",
        "hashed_secret": "d0a8653caabb5beafc549a0bcc54915c24e9fdd8",
        "is_verified": false,
        "line_number": 3,
        "is_secret": false,
        "reason": "Public Power BI object identifier"
      }
    ],
    "dashboards/powerbi/RetailPulse.Report/definition/pages/be768aedcad84789ca03/visuals/c9cb4047aa87b3c44cfe/visual.json": [
      {
        "type": "Hex High Entropy String",
        "filename": "dashboards/powerbi/RetailPulse.Report/definition/pages/be768aedcad84789ca03/visuals/c9cb4047aa87b3c44cfe/visual.json",
        "hashed_secret": "dc764970da10c9a8065a517fc6782c96d26c853d",
        "is_verified": false,
        "line_number": 3,
        "is_secret": false,
        "reason": "Public Power BI object identifier"
      }
    ],
    "dashboards/powerbi/RetailPulse.Report/definition/pages/be768aedcad84789ca03/visuals/d2adac1957408476b723/visual.json": [
      {
        "type": "Hex High Entropy String",
        "filename": "dashboards/powerbi/RetailPulse.Report/definition/pages/be768aedcad84789ca03/visuals/d2adac1957408476b723/visual.json",
        "hashed_secret": "be996c5c8c616cb12904b9abed3f7e259ce8b30a",
        "is_verified": false,
        "line_number": 3,
        "is_secret": false,
        "reason": "Public Power BI object identifier"
      }
    ],
    "dashboards/powerbi/RetailPulse.Report/definition/pages/be768aedcad84789ca03/visuals/dd6778648b30f4cc798b/visual.json": [
      {
        "type": "Hex High Entropy String",
        "filename": "dashboards/powerbi/RetailPulse.Report/definition/pages/be768aedcad84789ca03/visuals/dd6778648b30f4cc798b/visual.json",
        "hashed_secret": "77004a378b60cb176dc35fcf293b8df4ff214965",
        "is_verified": false,
        "line_number": 3,
        "is_secret": false,
        "reason": "Public Power BI object identifier"
      }
    ],
    "dashboards/powerbi/RetailPulse.Report/definition/pages/be768aedcad84789ca03/visuals/e55289267fed3877688c/visual.json": [
      {
        "type": "Hex High Entropy String",
        "filename": "dashboards/powerbi/RetailPulse.Report/definition/pages/be768aedcad84789ca03/visuals/e55289267fed3877688c/visual.json",
        "hashed_secret": "4eba441153e86573d38f6b5e33a5cb3724ab5727",
        "is_verified": false,
        "line_number": 3,
        "is_secret": false,
        "reason": "Public Power BI object identifier"
      }
    ],
    "dashboards/powerbi/RetailPulse.Report/definition/pages/be768aedcad84789ca03/visuals/e75abcbd9b979f0397a6/visual.json": [
      {
        "type": "Hex High Entropy String",
        "filename": "dashboards/powerbi/RetailPulse.Report/definition/pages/be768aedcad84789ca03/visuals/e75abcbd9b979f0397a6/visual.json",
        "hashed_secret": "fa2d9e4a550d0da74efa368016cf4b06bc6ff1fa",
        "is_verified": false,
        "line_number": 3,
        "is_secret": false,
        "reason": "Public Power BI object identifier"
      }
    ],
    "dashboards/powerbi/RetailPulse.Report/definition/pages/pages.json": [
      {
        "type": "Hex High Entropy String",
        "filename": "dashboards/powerbi/RetailPulse.Report/definition/pages/pages.json",
        "hashed_secret": "701cb1c81b37ccb4015d6f2407cc068be6c6fdd2",
        "is_verified": false,
        "line_number": 4,
        "is_secret": false,
        "reason": "Public Power BI object identifier"
      },
      {
        "type": "Hex High Entropy String",
        "filename": "dashboards/powerbi/RetailPulse.Report/definition/pages/pages.json",
        "hashed_secret": "ce5ee14b992a1b2356496baf07ff048ce3c0d652",
        "is_verified": false,
        "line_number": 5,
        "is_secret": false,
        "reason": "Public Power BI object identifier"
      },
      {
        "type": "Hex High Entropy String",
        "filename": "dashboards/powerbi/RetailPulse.Report/definition/pages/pages.json",
        "hashed_secret": "02f17d25ef8804682f756733d8341a0c2a8bc2ca",
        "is_verified": false,
        "line_number": 6,
        "is_secret": false,
        "reason": "Public Power BI object identifier"
      }
    ],
    "dashboards/powerbi/build_report.py": [
      {
        "type": "Hex High Entropy String",
        "filename": "dashboards/powerbi/build_report.py",
        "hashed_secret": "701cb1c81b37ccb4015d6f2407cc068be6c6fdd2",
        "is_verified": false,
        "line_number": 10,
        "is_secret": false,
        "reason": "Public Power BI object identifier"
      },
      {
        "type": "Hex High Entropy String",
        "filename": "dashboards/powerbi/build_report.py",
        "hashed_secret": "ce5ee14b992a1b2356496baf07ff048ce3c0d652",
        "is_verified": false,
        "line_number": 11,
        "is_secret": false,
        "reason": "Public Power BI object identifier"
      },
      {
        "type": "Hex High Entropy String",
        "filename": "dashboards/powerbi/build_report.py",
        "hashed_secret": "02f17d25ef8804682f756733d8341a0c2a8bc2ca",
        "is_verified": false,
        "line_number": 12,
        "is_secret": false,
        "reason": "Public Power BI object identifier"
      }
    ],
    "data/contracts/raw_manifest.json": [
      {
        "type": "Hex High Entropy String",
        "filename": "data/contracts/raw_manifest.json",
        "hashed_secret": "98755a30f5930282a964d98b484828850feb33a9",
        "is_verified": false,
        "line_number": 9,
        "is_secret": false,
        "reason": "Public validation hash or run identifier"
      },
      {
        "type": "Hex High Entropy String",
        "filename": "data/contracts/raw_manifest.json",
        "hashed_secret": "8846ad2110e3918837b502d3929947c541a2d174",
        "is_verified": false,
        "line_number": 55,
        "is_secret": false,
        "reason": "Public validation hash or run identifier"
      },
      {
        "type": "Hex High Entropy String",
        "filename": "data/contracts/raw_manifest.json",
        "hashed_secret": "cde02064d6c67014162386e092afba87762e710a",
        "is_verified": false,
        "line_number": 76,
        "is_secret": false,
        "reason": "Public validation hash or run identifier"
      }
    ],
    "data/sample/provenance.json": [
      {
        "type": "Hex High Entropy String",
        "filename": "data/sample/provenance.json",
        "hashed_secret": "cde02064d6c67014162386e092afba87762e710a",
        "is_verified": false,
        "line_number": 5,
        "is_secret": false,
        "reason": "Public validation hash or run identifier"
      }
    ],
    "docs/evidence/real_m5_validation.json": [
      {
        "type": "Hex High Entropy String",
        "filename": "docs/evidence/real_m5_validation.json",
        "hashed_secret": "98755a30f5930282a964d98b484828850feb33a9",
        "is_verified": false,
        "line_number": 15,
        "is_secret": false,
        "reason": "Public provenance SHA-256; individually recomputed from local data/raw/m5/calendar.csv on 2026-10-08 and matched exactly; not a credential."
      },
      {
        "type": "Hex High Entropy String",
        "filename": "docs/evidence/real_m5_validation.json",
        "hashed_secret": "8846ad2110e3918837b502d3929947c541a2d174",
        "is_verified": false,
        "line_number": 29,
        "is_secret": false,
        "reason": "Public provenance SHA-256; individually recomputed from local data/raw/m5/sell_prices.csv on 2026-10-08 and matched exactly; not a credential."
      },
      {
        "type": "Hex High Entropy String",
        "filename": "docs/evidence/real_m5_validation.json",
        "hashed_secret": "cde02064d6c67014162386e092afba87762e710a",
        "is_verified": false,
        "line_number": 38,
        "is_secret": false,
        "reason": "Public provenance SHA-256; individually recomputed from local data/raw/m5/sales_train_evaluation.csv on 2026-10-08 and matched exactly; not a credential."
      },
      {
        "type": "Hex High Entropy String",
        "filename": "docs/evidence/real_m5_validation.json",
        "hashed_secret": "8f698e26ed0f46df7234d42cedcf99393a32ee40",
        "is_verified": false,
        "line_number": 75,
        "is_secret": false,
        "reason": "Public provenance SHA-256; individually recomputed from local data/processed/bronze/runs/47b8b962c868f3c60fc8/calendar.parquet on 2026-10-08 and matched exactly; not a credential."
      },
      {
        "type": "Hex High Entropy String",
        "filename": "docs/evidence/real_m5_validation.json",
        "hashed_secret": "a6ad6f43d7967b7c781490197c25e0b58e11b4f4",
        "is_verified": false,
        "line_number": 150,
        "is_secret": false,
        "reason": "Public provenance SHA-256; individually recomputed from local data/processed/bronze/runs/47b8b962c868f3c60fc8/prices.parquet on 2026-10-08 and matched exactly; not a credential."
      },
      {
        "type": "Hex High Entropy String",
        "filename": "docs/evidence/real_m5_validation.json",
        "hashed_secret": "92334c75a34ef02d58b32c2317004f4df6003ab0",
        "is_verified": false,
        "line_number": 193,
        "is_secret": false,
        "reason": "Public provenance SHA-256; individually recomputed from local data/processed/bronze/runs/47b8b962c868f3c60fc8/sales.parquet on 2026-10-08 and matched exactly; not a credential."
      }
    ],
    "docs/evidence/rp07_validation.json": [
      {
        "type": "Hex High Entropy String",
        "filename": "docs/evidence/rp07_validation.json",
        "hashed_secret": "3a757f3f7767536301a66f063dcd36b0eb8448cd",
        "is_verified": false,
        "line_number": 3,
        "is_secret": false,
        "reason": "Public validation hash or run identifier"
      },
      {
        "type": "Hex High Entropy String",
        "filename": "docs/evidence/rp07_validation.json",
        "hashed_secret": "15bc1286a25ff3f7b19d8cc5bc66a28c6ef57dd5",
        "is_verified": false,
        "line_number": 4,
        "is_secret": false,
        "reason": "Public validation hash or run identifier"
      },
      {
        "type": "Hex High Entropy String",
        "filename": "docs/evidence/rp07_validation.json",
        "hashed_secret": "2f31a9bb496bf3b60512296c5bf0343461e72f78",
        "is_verified": false,
        "line_number": 5,
        "is_secret": false,
        "reason": "Public validation hash or run identifier"
      },
      {
        "type": "Hex High Entropy String",
        "filename": "docs/evidence/rp07_validation.json",
        "hashed_secret": "2d56a01f471be733a06f2e4104db6c3b20aa208d",
        "is_verified": false,
        "line_number": 6,
        "is_secret": false,
        "reason": "Public validation hash or run identifier"
      },
      {
        "type": "Hex High Entropy String",
        "filename": "docs/evidence/rp07_validation.json",
        "hashed_secret": "25273b08b52a6a3d75eefb561519629c63bea64b",
        "is_verified": false,
        "line_number": 7,
        "is_secret": false,
        "reason": "Public validation hash or run identifier"
      },
      {
        "type": "Hex High Entropy String",
        "filename": "docs/evidence/rp07_validation.json",
        "hashed_secret": "0b9f36fec8757d9891018f4daa1b83960b558429",
        "is_verified": false,
        "line_number": 13,
        "is_secret": false,
        "reason": "Public validation hash or run identifier"
      },
      {
        "type": "Hex High Entropy String",
        "filename": "docs/evidence/rp07_validation.json",
        "hashed_secret": "e22b997d914b663d3666cd9e77fbd052c7d1a9ef",
        "is_verified": false,
        "line_number": 36,
        "is_secret": false,
        "reason": "Public validation hash or run identifier"
      },
      {
        "type": "Hex High Entropy String",
        "filename": "docs/evidence/rp07_validation.json",
        "hashed_secret": "afd3b4f241a3334d46733921a7f0a5e43262ca89",
        "is_verified": false,
        "line_number": 42,
        "is_secret": false,
        "reason": "Public validation hash or run identifier"
      },
      {
        "type": "Hex High Entropy String",
        "filename": "docs/evidence/rp07_validation.json",
        "hashed_secret": "d381c80786ebdaa48764a39106d72042227e33d9",
        "is_verified": false,
        "line_number": 422,
        "is_secret": false,
        "reason": "Public validation hash or run identifier"
      },
      {
        "type": "Hex High Entropy String",
        "filename": "docs/evidence/rp07_validation.json",
        "hashed_secret": "735eaeae71783e0681fe262c54a6ecd9db0bda1b",
        "is_verified": false,
        "line_number": 482,
        "is_secret": false,
        "reason": "Public validation hash or run identifier"
      }
    ],
    "docs/evidence/rp08_data_audit.json": [
      {
        "type": "Hex High Entropy String",
        "filename": "docs/evidence/rp08_data_audit.json",
        "hashed_secret": "749601388628d8ffc328a23267a67e9a40712ee8",
        "is_verified": false,
        "line_number": 3,
        "is_secret": false,
        "reason": "Public validation hash or run identifier"
      },
      {
        "type": "Hex High Entropy String",
        "filename": "docs/evidence/rp08_data_audit.json",
        "hashed_secret": "bba3cb85f9d4195355c1876aac3e8a5782465e24",
        "is_verified": false,
        "line_number": 7,
        "is_secret": false,
        "reason": "Public validation hash or run identifier"
      },
      {
        "type": "Hex High Entropy String",
        "filename": "docs/evidence/rp08_data_audit.json",
        "hashed_secret": "cfd0f2e1fa79ac69290bca83c8b41501eccde3c0",
        "is_verified": false,
        "line_number": 12,
        "is_secret": false,
        "reason": "Public validation hash or run identifier"
      },
      {
        "type": "Hex High Entropy String",
        "filename": "docs/evidence/rp08_data_audit.json",
        "hashed_secret": "71a4be09faa8d3dba3c6cbbd0c399e4d1ac4daba",
        "is_verified": false,
        "line_number": 17,
        "is_secret": false,
        "reason": "Public validation hash or run identifier"
      },
      {
        "type": "Hex High Entropy String",
        "filename": "docs/evidence/rp08_data_audit.json",
        "hashed_secret": "ed0d69239a9b20fb0530790d64b4aa451fdc5bde",
        "is_verified": false,
        "line_number": 22,
        "is_secret": false,
        "reason": "Public validation hash or run identifier"
      },
      {
        "type": "Hex High Entropy String",
        "filename": "docs/evidence/rp08_data_audit.json",
        "hashed_secret": "9809a3efb4ed1b49dd442dcd649cdeb3d128891f",
        "is_verified": false,
        "line_number": 27,
        "is_secret": false,
        "reason": "Public validation hash or run identifier"
      },
      {
        "type": "Hex High Entropy String",
        "filename": "docs/evidence/rp08_data_audit.json",
        "hashed_secret": "35f76388c35e07e64bf92673d98a90963f1b6216",
        "is_verified": false,
        "line_number": 32,
        "is_secret": false,
        "reason": "Public validation hash or run identifier"
      },
      {
        "type": "Hex High Entropy String",
        "filename": "docs/evidence/rp08_data_audit.json",
        "hashed_secret": "77f12609662a565b218849d019a27fc7e7dd3735",
        "is_verified": false,
        "line_number": 37,
        "is_secret": false,
        "reason": "Public validation hash or run identifier"
      },
      {
        "type": "Hex High Entropy String",
        "filename": "docs/evidence/rp08_data_audit.json",
        "hashed_secret": "6c495096e1faa5b10e050dba6e9769945865cd4a",
        "is_verified": false,
        "line_number": 42,
        "is_secret": false,
        "reason": "Public validation hash or run identifier"
      },
      {
        "type": "Hex High Entropy String",
        "filename": "docs/evidence/rp08_data_audit.json",
        "hashed_secret": "702091eee6dc0130f6a40154d288b741b6966c9b",
        "is_verified": false,
        "line_number": 47,
        "is_secret": false,
        "reason": "Public validation hash or run identifier"
      },
      {
        "type": "Hex High Entropy String",
        "filename": "docs/evidence/rp08_data_audit.json",
        "hashed_secret": "c69df31368b1a7ab686c48f4d9c28306105eefea",
        "is_verified": false,
        "line_number": 52,
        "is_secret": false,
        "reason": "Public validation hash or run identifier"
      },
      {
        "type": "Hex High Entropy String",
        "filename": "docs/evidence/rp08_data_audit.json",
        "hashed_secret": "8f82c8fa14e11e57578a3451704afc4b5ebdaee2",
        "is_verified": false,
        "line_number": 57,
        "is_secret": false,
        "reason": "Public validation hash or run identifier"
      },
      {
        "type": "Hex High Entropy String",
        "filename": "docs/evidence/rp08_data_audit.json",
        "hashed_secret": "7a808911571e039608d6d158518c524790ab7f78",
        "is_verified": false,
        "line_number": 62,
        "is_secret": false,
        "reason": "Public validation hash or run identifier"
      },
      {
        "type": "Hex High Entropy String",
        "filename": "docs/evidence/rp08_data_audit.json",
        "hashed_secret": "40dbe339782a643d35016c8dcbc16678012e4a17",
        "is_verified": false,
        "line_number": 67,
        "is_secret": false,
        "reason": "Public validation hash or run identifier"
      },
      {
        "type": "Hex High Entropy String",
        "filename": "docs/evidence/rp08_data_audit.json",
        "hashed_secret": "e22b997d914b663d3666cd9e77fbd052c7d1a9ef",
        "is_verified": false,
        "line_number": 80,
        "is_secret": false,
        "reason": "Public validation hash or run identifier"
      },
      {
        "type": "Hex High Entropy String",
        "filename": "docs/evidence/rp08_data_audit.json",
        "hashed_secret": "f546e2af6247d61d8b96d022e79e099ae9bf1f48",
        "is_verified": false,
        "line_number": 185,
        "is_secret": false,
        "reason": "Public validation hash or run identifier"
      },
      {
        "type": "Hex High Entropy String",
        "filename": "docs/evidence/rp08_data_audit.json",
        "hashed_secret": "15bc1286a25ff3f7b19d8cc5bc66a28c6ef57dd5",
        "is_verified": false,
        "line_number": 188,
        "is_secret": false,
        "reason": "Public validation hash or run identifier"
      },
      {
        "type": "Hex High Entropy String",
        "filename": "docs/evidence/rp08_data_audit.json",
        "hashed_secret": "bbfada8027b843ebebab5cba007d8fdbc74272ac",
        "is_verified": false,
        "line_number": 189,
        "is_secret": false,
        "reason": "Public validation hash or run identifier"
      },
      {
        "type": "Hex High Entropy String",
        "filename": "docs/evidence/rp08_data_audit.json",
        "hashed_secret": "4440e1cf362fe716dd91a304356b4cbafc87aad2",
        "is_verified": false,
        "line_number": 190,
        "is_secret": false,
        "reason": "Public validation hash or run identifier"
      },
      {
        "type": "Hex High Entropy String",
        "filename": "docs/evidence/rp08_data_audit.json",
        "hashed_secret": "cd7b7cbd5f965febb1c5b046703c89437ff8d32e",
        "is_verified": false,
        "line_number": 191,
        "is_secret": false,
        "reason": "Public validation hash or run identifier"
      },
      {
        "type": "Hex High Entropy String",
        "filename": "docs/evidence/rp08_data_audit.json",
        "hashed_secret": "b3b3fa617fa521c1e4489a7f5ace2d2aba129754",
        "is_verified": false,
        "line_number": 192,
        "is_secret": false,
        "reason": "Public validation hash or run identifier"
      },
      {
        "type": "Hex High Entropy String",
        "filename": "docs/evidence/rp08_data_audit.json",
        "hashed_secret": "47fa0570f0ec4d3c7c289eba84c46fb68846e2e3",
        "is_verified": false,
        "line_number": 193,
        "is_secret": false,
        "reason": "Public validation hash or run identifier"
      },
      {
        "type": "Hex High Entropy String",
        "filename": "docs/evidence/rp08_data_audit.json",
        "hashed_secret": "a6640bec49797d5a6f6a75ad66bc63f71bb0767b",
        "is_verified": false,
        "line_number": 194,
        "is_secret": false,
        "reason": "Public validation hash or run identifier"
      },
      {
        "type": "Hex High Entropy String",
        "filename": "docs/evidence/rp08_data_audit.json",
        "hashed_secret": "94dcf12e8d695e3b4f61d6193493a7d6d6dd1104",
        "is_verified": false,
        "line_number": 195,
        "is_secret": false,
        "reason": "Public validation hash or run identifier"
      },
      {
        "type": "Hex High Entropy String",
        "filename": "docs/evidence/rp08_data_audit.json",
        "hashed_secret": "fc3d9650bdc014db1c656e3e8d5541f583f09a9a",
        "is_verified": false,
        "line_number": 196,
        "is_secret": false,
        "reason": "Public validation hash or run identifier"
      },
      {
        "type": "Hex High Entropy String",
        "filename": "docs/evidence/rp08_data_audit.json",
        "hashed_secret": "415ea2cdc1465807b65837b8984f55315b2a2932",
        "is_verified": false,
        "line_number": 198,
        "is_secret": false,
        "reason": "Public validation hash or run identifier"
      },
      {
        "type": "Hex High Entropy String",
        "filename": "docs/evidence/rp08_data_audit.json",
        "hashed_secret": "7ee8116c14b97cfaba84529851a7cc1f8ba46ba2",
        "is_verified": false,
        "line_number": 199,
        "is_secret": false,
        "reason": "Public validation hash or run identifier"
      },
      {
        "type": "Hex High Entropy String",
        "filename": "docs/evidence/rp08_data_audit.json",
        "hashed_secret": "e0b61b930db4eb77d6f1f353cbabb8c8a236a5f7",
        "is_verified": false,
        "line_number": 200,
        "is_secret": false,
        "reason": "Public validation hash or run identifier"
      },
      {
        "type": "Hex High Entropy String",
        "filename": "docs/evidence/rp08_data_audit.json",
        "hashed_secret": "b6b039fde7773753fb60e1d07ddf064f67f62a5f",
        "is_verified": false,
        "line_number": 201,
        "is_secret": false,
        "reason": "Public validation hash or run identifier"
      },
      {
        "type": "Hex High Entropy String",
        "filename": "docs/evidence/rp08_data_audit.json",
        "hashed_secret": "0d9297202c43f2b44cd470bb8c268074452c760e",
        "is_verified": false,
        "line_number": 202,
        "is_secret": false,
        "reason": "Public validation hash or run identifier"
      },
      {
        "type": "Hex High Entropy String",
        "filename": "docs/evidence/rp08_data_audit.json",
        "hashed_secret": "2378e06b2d19e2b4e39424c4273d4f7e8002ca71",
        "is_verified": false,
        "line_number": 203,
        "is_secret": false,
        "reason": "Public validation hash or run identifier"
      },
      {
        "type": "Hex High Entropy String",
        "filename": "docs/evidence/rp08_data_audit.json",
        "hashed_secret": "3a757f3f7767536301a66f063dcd36b0eb8448cd",
        "is_verified": false,
        "line_number": 204,
        "is_secret": false,
        "reason": "Public validation hash or run identifier"
      },
      {
        "type": "Hex High Entropy String",
        "filename": "docs/evidence/rp08_data_audit.json",
        "hashed_secret": "4d76760bffa55a0aeb8cafc724f1d28a8c4aec55",
        "is_verified": false,
        "line_number": 206,
        "is_secret": false,
        "reason": "Public validation hash or run identifier"
      },
      {
        "type": "Hex High Entropy String",
        "filename": "docs/evidence/rp08_data_audit.json",
        "hashed_secret": "91733e751faacd4bd30601d8b37a0109557330b3",
        "is_verified": false,
        "line_number": 207,
        "is_secret": false,
        "reason": "Public validation hash or run identifier"
      },
      {
        "type": "Hex High Entropy String",
        "filename": "docs/evidence/rp08_data_audit.json",
        "hashed_secret": "afd3b4f241a3334d46733921a7f0a5e43262ca89",
        "is_verified": false,
        "line_number": 208,
        "is_secret": false,
        "reason": "Public validation hash or run identifier"
      },
      {
        "type": "Hex High Entropy String",
        "filename": "docs/evidence/rp08_data_audit.json",
        "hashed_secret": "be7f35b3f10794e60be3e0f29da7e240d14bdd0c",
        "is_verified": false,
        "line_number": 209,
        "is_secret": false,
        "reason": "Public validation hash or run identifier"
      },
      {
        "type": "Hex High Entropy String",
        "filename": "docs/evidence/rp08_data_audit.json",
        "hashed_secret": "da64caca967c958d2e9efd0cc141f1ff90264733",
        "is_verified": false,
        "line_number": 210,
        "is_secret": false,
        "reason": "Public validation hash or run identifier"
      },
      {
        "type": "Hex High Entropy String",
        "filename": "docs/evidence/rp08_data_audit.json",
        "hashed_secret": "ec735845f47592f9ecef17d97303af096f923348",
        "is_verified": false,
        "line_number": 211,
        "is_secret": false,
        "reason": "Public validation hash or run identifier"
      },
      {
        "type": "Hex High Entropy String",
        "filename": "docs/evidence/rp08_data_audit.json",
        "hashed_secret": "02c948aeacda4486d392b3c9f1b22185bc33e4f7",
        "is_verified": false,
        "line_number": 212,
        "is_secret": false,
        "reason": "Public validation hash or run identifier"
      },
      {
        "type": "Hex High Entropy String",
        "filename": "docs/evidence/rp08_data_audit.json",
        "hashed_secret": "e24b1067b82a8799de03d91deb0f7084254036bd",
        "is_verified": false,
        "line_number": 214,
        "is_secret": false,
        "reason": "Public validation hash or run identifier"
      },
      {
        "type": "Hex High Entropy String",
        "filename": "docs/evidence/rp08_data_audit.json",
        "hashed_secret": "588e91b31bda5788db088509d0561b4bb2f7ed88",
        "is_verified": false,
        "line_number": 215,
        "is_secret": false,
        "reason": "Public validation hash or run identifier"
      },
      {
        "type": "Hex High Entropy String",
        "filename": "docs/evidence/rp08_data_audit.json",
        "hashed_secret": "d1bf9ea89f87b81471cc4818e4e8b2473259600c",
        "is_verified": false,
        "line_number": 216,
        "is_secret": false,
        "reason": "Public validation hash or run identifier"
      },
      {
        "type": "Hex High Entropy String",
        "filename": "docs/evidence/rp08_data_audit.json",
        "hashed_secret": "2f31a9bb496bf3b60512296c5bf0343461e72f78",
        "is_verified": false,
        "line_number": 217,
        "is_secret": false,
        "reason": "Public validation hash or run identifier"
      },
      {
        "type": "Hex High Entropy String",
        "filename": "docs/evidence/rp08_data_audit.json",
        "hashed_secret": "e9fdb23d4a13ed223af6b1ab6c04d9a970cb49fa",
        "is_verified": false,
        "line_number": 218,
        "is_secret": false,
        "reason": "Public validation hash or run identifier"
      },
      {
        "type": "Hex High Entropy String",
        "filename": "docs/evidence/rp08_data_audit.json",
        "hashed_secret": "d505e6c705b2d81479075412bce11c624295a0ee",
        "is_verified": false,
        "line_number": 219,
        "is_secret": false,
        "reason": "Public validation hash or run identifier"
      },
      {
        "type": "Hex High Entropy String",
        "filename": "docs/evidence/rp08_data_audit.json",
        "hashed_secret": "52b9fc4d2815a7b5511993208509588b72911894",
        "is_verified": false,
        "line_number": 220,
        "is_secret": false,
        "reason": "Public validation hash or run identifier"
      },
      {
        "type": "Hex High Entropy String",
        "filename": "docs/evidence/rp08_data_audit.json",
        "hashed_secret": "f47acfe68149e03b283fd9ebc259e9abc53c4a57",
        "is_verified": false,
        "line_number": 221,
        "is_secret": false,
        "reason": "Public validation hash or run identifier"
      },
      {
        "type": "Hex High Entropy String",
        "filename": "docs/evidence/rp08_data_audit.json",
        "hashed_secret": "2d56a01f471be733a06f2e4104db6c3b20aa208d",
        "is_verified": false,
        "line_number": 222,
        "is_secret": false,
        "reason": "Public validation hash or run identifier"
      },
      {
        "type": "Hex High Entropy String",
        "filename": "docs/evidence/rp08_data_audit.json",
        "hashed_secret": "020a3f3e8b33437ba6e18e4c3e66a878a6ee96f2",
        "is_verified": false,
        "line_number": 223,
        "is_secret": false,
        "reason": "Public validation hash or run identifier"
      },
      {
        "type": "Hex High Entropy String",
        "filename": "docs/evidence/rp08_data_audit.json",
        "hashed_secret": "a1c04b259d954013d790d06b87e27a21aaf8194e",
        "is_verified": false,
        "line_number": 224,
        "is_secret": false,
        "reason": "Public validation hash or run identifier"
      },
      {
        "type": "Hex High Entropy String",
        "filename": "docs/evidence/rp08_data_audit.json",
        "hashed_secret": "8d506f9dd9bc6fea7463cbbf814576190a2bd53c",
        "is_verified": false,
        "line_number": 229,
        "is_secret": false,
        "reason": "Public validation hash or run identifier"
      },
      {
        "type": "Hex High Entropy String",
        "filename": "docs/evidence/rp08_data_audit.json",
        "hashed_secret": "61a065a56bc78e9c3cd0705360e396883bcc9e3b",
        "is_verified": false,
        "line_number": 230,
        "is_secret": false,
        "reason": "Public validation hash or run identifier"
      },
      {
        "type": "Hex High Entropy String",
        "filename": "docs/evidence/rp08_data_audit.json",
        "hashed_secret": "93899cbff3a5c74f45dbafd3d143938f4aca2fac",
        "is_verified": false,
        "line_number": 231,
        "is_secret": false,
        "reason": "Public validation hash or run identifier"
      },
      {
        "type": "Hex High Entropy String",
        "filename": "docs/evidence/rp08_data_audit.json",
        "hashed_secret": "25273b08b52a6a3d75eefb561519629c63bea64b",
        "is_verified": false,
        "line_number": 232,
        "is_secret": false,
        "reason": "Public validation hash or run identifier"
      }
    ],
    "docs/evidence/rp09_evaluation.json": [
      {
        "type": "Hex High Entropy String",
        "filename": "docs/evidence/rp09_evaluation.json",
        "hashed_secret": "f546e2af6247d61d8b96d022e79e099ae9bf1f48",
        "is_verified": false,
        "line_number": 460,
        "is_secret": false,
        "reason": "Public validation hash or run identifier"
      }
    ],
    "docs/evidence/rp09_live_diagnostics.json": [
      {
        "type": "Hex High Entropy String",
        "filename": "docs/evidence/rp09_live_diagnostics.json",
        "hashed_secret": "520561c91f7c1be0224ea00430010122e70e6254",
        "is_verified": false,
        "line_number": 6,
        "is_secret": false,
        "reason": "Public validation hash or run identifier"
      },
      {
        "type": "Hex High Entropy String",
        "filename": "docs/evidence/rp09_live_diagnostics.json",
        "hashed_secret": "f546e2af6247d61d8b96d022e79e099ae9bf1f48",
        "is_verified": false,
        "line_number": 12,
        "is_secret": false,
        "reason": "Public validation hash or run identifier"
      },
      {
        "type": "Hex High Entropy String",
        "filename": "docs/evidence/rp09_live_diagnostics.json",
        "hashed_secret": "8edfe3b954ea8f887610be688773b63b4711dbf4",
        "is_verified": false,
        "line_number": 106,
        "is_secret": false,
        "reason": "Public validation hash or run identifier"
      }
    ],
    "docs/evidence/rp09_live_evaluation.json": [
      {
        "type": "Hex High Entropy String",
        "filename": "docs/evidence/rp09_live_evaluation.json",
        "hashed_secret": "520561c91f7c1be0224ea00430010122e70e6254",
        "is_verified": false,
        "line_number": 915,
        "is_secret": false,
        "reason": "Public validation hash or run identifier"
      },
      {
        "type": "Hex High Entropy String",
        "filename": "docs/evidence/rp09_live_evaluation.json",
        "hashed_secret": "f546e2af6247d61d8b96d022e79e099ae9bf1f48",
        "is_verified": false,
        "line_number": 921,
        "is_secret": false,
        "reason": "Public validation hash or run identifier"
      },
      {
        "type": "Hex High Entropy String",
        "filename": "docs/evidence/rp09_live_evaluation.json",
        "hashed_secret": "8edfe3b954ea8f887610be688773b63b4711dbf4",
        "is_verified": false,
        "line_number": 925,
        "is_secret": false,
        "reason": "Public validation hash or run identifier"
      }
    ],
    "docs/evidence/rp09_live_initial_evaluation.json": [
      {
        "type": "Hex High Entropy String",
        "filename": "docs/evidence/rp09_live_initial_evaluation.json",
        "hashed_secret": "520561c91f7c1be0224ea00430010122e70e6254",
        "is_verified": false,
        "line_number": 926,
        "is_secret": false,
        "reason": "Public validation hash or run identifier"
      },
      {
        "type": "Hex High Entropy String",
        "filename": "docs/evidence/rp09_live_initial_evaluation.json",
        "hashed_secret": "f546e2af6247d61d8b96d022e79e099ae9bf1f48",
        "is_verified": false,
        "line_number": 932,
        "is_secret": false,
        "reason": "Public validation hash or run identifier"
      }
    ],
    "docs/evidence/rp09_real_acceptance.json": [
      {
        "type": "Hex High Entropy String",
        "filename": "docs/evidence/rp09_real_acceptance.json",
        "hashed_secret": "f546e2af6247d61d8b96d022e79e099ae9bf1f48",
        "is_verified": false,
        "line_number": 4,
        "is_secret": false,
        "reason": "Public validation hash or run identifier"
      }
    ],
    "docs/evidence/rp10/real_api.json": [
      {
        "type": "Hex High Entropy String",
        "filename": "docs/evidence/rp10/real_api.json",
        "hashed_secret": "f546e2af6247d61d8b96d022e79e099ae9bf1f48",
        "is_verified": false,
        "line_number": 217,
        "is_secret": false,
        "reason": "Public validation hash or run identifier"
      }
    ],
    "tests/api/test_launcher.py": [
      {
        "type": "Basic Auth Credentials",
        "filename": "tests/api/test_launcher.py",
        "hashed_secret": "e5e9fa1ba31ecd1ae84f75caaa474f3a663f05f4",
        "is_verified": false,
        "line_number": 14,
        "is_secret": false,
        "reason": "Synthetic loopback credential rejection fixture"
      }
    ],
    "src/retailpulse/api/synthetic/manifest.json": [
      {
        "type": "Hex High Entropy String",
        "filename": "src/retailpulse/api/synthetic/manifest.json",
        "hashed_secret": "ce909c0f06068ec1dfef990c50731a6df755ebc8",
        "is_verified": false,
        "line_number": 14,
        "is_secret": false,
        "reason": "SHA-256 verified against the packaged synthetic CSV"
      },
      {
        "type": "Hex High Entropy String",
        "filename": "src/retailpulse/api/synthetic/manifest.json",
        "hashed_secret": "fee0b8840583ec562f019cace658cbc6a055acd6",
        "is_verified": false,
        "line_number": 15,
        "is_secret": false,
        "reason": "SHA-256 verified against the packaged synthetic CSV"
      },
      {
        "type": "Hex High Entropy String",
        "filename": "src/retailpulse/api/synthetic/manifest.json",
        "hashed_secret": "a7e8cb84ba18cafdbfaa7da6fac5c020e4e20362",
        "is_verified": false,
        "line_number": 16,
        "is_secret": false,
        "reason": "SHA-256 verified against the packaged synthetic CSV"
      },
      {
        "type": "Hex High Entropy String",
        "filename": "src/retailpulse/api/synthetic/manifest.json",
        "hashed_secret": "47defa8dd37653e5a7670760eda1eb2756e0ae1c",
        "is_verified": false,
        "line_number": 17,
        "is_secret": false,
        "reason": "SHA-256 verified against the packaged synthetic CSV"
      },
      {
        "type": "Hex High Entropy String",
        "filename": "src/retailpulse/api/synthetic/manifest.json",
        "hashed_secret": "777e14ec304c813f8bd2b9c98da2d79cf292691c",
        "is_verified": false,
        "line_number": 18,
        "is_secret": false,
        "reason": "SHA-256 verified against the packaged synthetic CSV"
      },
      {
        "type": "Hex High Entropy String",
        "filename": "src/retailpulse/api/synthetic/manifest.json",
        "hashed_secret": "f1d544f8e3c4f7c5aaf439107d952e18cd299e81",
        "is_verified": false,
        "line_number": 19,
        "is_secret": false,
        "reason": "SHA-256 verified against the packaged synthetic CSV"
      }
    ]
  },
  "generated_at": "2026-10-08T04:30:31Z"
}
